#-----------------------------------------------------------
# Vivado v2017.3 (64-bit)
# SW Build 2018833 on Wed Oct  4 19:58:07 MDT 2017
# IP Build 2016188 on Wed Oct  4 21:52:56 MDT 2017
# Start of session at: Mon Feb 17 15:02:09 2020
# Process ID: 15315
# Current directory: /media/deepraj/Work/workspace/Lecture/Hardwar_security/EL9453
# Command line: vivado
# Log file: /media/deepraj/Work/workspace/Lecture/Hardwar_security/EL9453/vivado.log
# Journal file: /media/deepraj/Work/workspace/Lecture/Hardwar_security/EL9453/vivado.jou
#-----------------------------------------------------------
start_gui
open_project /media/deepraj/Work/workspace/Lecture/Hardwar_security/homework/tiny-AES-c/aes_test_3/aes_test.xpr
update_compile_order -fileset sources_1
open_hw
connect_hw_server
open_hw_target
set_property PROGRAM.FILE {/media/deepraj/Work/workspace/Lecture/Hardwar_security/homework/tiny-AES-c/aes_test_3/aes_test.runs/impl_1/apatb_Cipher_top.bit} [get_hw_devices xc7a100t_0]
current_hw_device [get_hw_devices xc7a100t_0]
refresh_hw_device -update_hw_probes false [lindex [get_hw_devices xc7a100t_0] 0]
set_property PROBES.FILE {} [get_hw_devices xc7a100t_0]
set_property FULL_PROBES.FILE {} [get_hw_devices xc7a100t_0]
set_property PROGRAM.FILE {/media/deepraj/Work/workspace/Lecture/Hardwar_security/homework/tiny-AES-c/aes_test_3/aes_test.runs/impl_1/apatb_Cipher_top.bit} [get_hw_devices xc7a100t_0]
program_hw_devices [get_hw_devices xc7a100t_0]
refresh_hw_device [lindex [get_hw_devices xc7a100t_0] 0]
close_hw
add_files -norecurse -scan_for_includes {/media/deepraj/Work/workspace/Lecture/Hardwar_security/homework/tiny-AES-c/aes_test_3/InverseCipher/verilog/InvMixColumns.v /media/deepraj/Work/workspace/Lecture/Hardwar_security/homework/tiny-AES-c/aes_test_3/InverseCipher/verilog/InvSubBytes.v /media/deepraj/Work/workspace/Lecture/Hardwar_security/homework/tiny-AES-c/aes_test_3/InverseCipher/verilog/InvCipher.v /media/deepraj/Work/workspace/Lecture/Hardwar_security/homework/tiny-AES-c/aes_test_3/InverseCipher/verilog/InvSubBytes_rsbox.v}
import_files -norecurse {/media/deepraj/Work/workspace/Lecture/Hardwar_security/homework/tiny-AES-c/aes_test_3/InverseCipher/verilog/InvMixColumns.v /media/deepraj/Work/workspace/Lecture/Hardwar_security/homework/tiny-AES-c/aes_test_3/InverseCipher/verilog/InvSubBytes.v /media/deepraj/Work/workspace/Lecture/Hardwar_security/homework/tiny-AES-c/aes_test_3/InverseCipher/verilog/InvCipher.v /media/deepraj/Work/workspace/Lecture/Hardwar_security/homework/tiny-AES-c/aes_test_3/InverseCipher/verilog/InvSubBytes_rsbox.v}
update_compile_order -fileset sources_1
update_compile_order -fileset sources_1
update_compile_order -fileset sources_1
reset_run synth_1
launch_runs impl_1 -to_step write_bitstream -jobs 4
wait_on_run impl_1
update_compile_order -fileset sources_1
add_files -norecurse -scan_for_includes /media/deepraj/Work/workspace/Lecture/Hardwar_security/homework/tiny-AES-c/aes_test_3/InverseCipher/verilog/AddRoundKey.v
import_files -norecurse /media/deepraj/Work/workspace/Lecture/Hardwar_security/homework/tiny-AES-c/aes_test_3/InverseCipher/verilog/AddRoundKey.v
reset_run synth_1
launch_runs impl_1 -to_step write_bitstream -jobs 4
wait_on_run impl_1
open_hw
connect_hw_server
open_hw_target
set_property PROGRAM.FILE {/media/deepraj/Work/workspace/Lecture/Hardwar_security/homework/tiny-AES-c/aes_test_3/aes_test.runs/impl_1/apatb_InvCipher_top.bit} [get_hw_devices xc7a100t_0]
current_hw_device [get_hw_devices xc7a100t_0]
refresh_hw_device -update_hw_probes false [lindex [get_hw_devices xc7a100t_0] 0]
set_property PROBES.FILE {} [get_hw_devices xc7a100t_0]
set_property FULL_PROBES.FILE {} [get_hw_devices xc7a100t_0]
set_property PROGRAM.FILE {/media/deepraj/Work/workspace/Lecture/Hardwar_security/homework/tiny-AES-c/aes_test_3/aes_test.runs/impl_1/apatb_InvCipher_top.bit} [get_hw_devices xc7a100t_0]
program_hw_devices [get_hw_devices xc7a100t_0]
refresh_hw_device [lindex [get_hw_devices xc7a100t_0] 0]
set_property PROBES.FILE {} [get_hw_devices xc7a100t_0]
set_property FULL_PROBES.FILE {} [get_hw_devices xc7a100t_0]
set_property PROGRAM.FILE {/media/deepraj/Work/workspace/Lecture/Hardwar_security/homework/tiny-AES-c/aes_test_3/aes_test.runs/impl_1/apatb_InvCipher_top.bit} [get_hw_devices xc7a100t_0]
program_hw_devices [get_hw_devices xc7a100t_0]
refresh_hw_device [lindex [get_hw_devices xc7a100t_0] 0]
close_hw
open_hw
connect_hw_server
open_hw_target
set_property PROGRAM.FILE {/media/deepraj/Work/workspace/Lecture/Hardwar_security/homework/tiny-AES-c/aes_test_3/aes_test.runs/impl_1/apatb_InvCipher_top.bit} [get_hw_devices xc7a100t_0]
current_hw_device [get_hw_devices xc7a100t_0]
refresh_hw_device -update_hw_probes false [lindex [get_hw_devices xc7a100t_0] 0]
set_property PROBES.FILE {} [get_hw_devices xc7a100t_0]
set_property FULL_PROBES.FILE {} [get_hw_devices xc7a100t_0]
set_property PROGRAM.FILE {/media/deepraj/Work/workspace/Lecture/Hardwar_security/homework/tiny-AES-c/aes_test_3/aes_test.runs/impl_1/apatb_InvCipher_top.bit} [get_hw_devices xc7a100t_0]
program_hw_devices [get_hw_devices xc7a100t_0]
refresh_hw_device [lindex [get_hw_devices xc7a100t_0] 0]
