#-----------------------------------------------------------
# Webtalk v2017.3 (64-bit)
# SW Build 2018833 on Wed Oct  4 19:58:07 MDT 2017
# IP Build 2016188 on Wed Oct  4 21:52:56 MDT 2017
# Start of session at: Tue Oct  1 16:11:02 2019
# Process ID: 26226
# Current directory: /media/deepraj/Work/workspace/Lecture/Hardwar_security/homework/tiny-AES-c/aes_test/aes_test.sim/sim_1/behav/xsim
# Command line: wbtcv -mode batch -source /media/deepraj/Work/workspace/Lecture/Hardwar_security/homework/tiny-AES-c/aes_test/aes_test.sim/sim_1/behav/xsim/xsim.dir/tb_aes_top_behav/webtalk/xsim_webtalk.tcl -notrace
# Log file: /media/deepraj/Work/workspace/Lecture/Hardwar_security/homework/tiny-AES-c/aes_test/aes_test.sim/sim_1/behav/xsim/webtalk.log
# Journal file: /media/deepraj/Work/workspace/Lecture/Hardwar_security/homework/tiny-AES-c/aes_test/aes_test.sim/sim_1/behav/xsim/webtalk.jou
#-----------------------------------------------------------
source /media/deepraj/Work/workspace/Lecture/Hardwar_security/homework/tiny-AES-c/aes_test/aes_test.sim/sim_1/behav/xsim/xsim.dir/tb_aes_top_behav/webtalk/xsim_webtalk.tcl -notrace
